{
  "schema": "siderea.synthetic_search_results.v1",
  "protocol_digest": "88e089a75026394445a4171d5dd8858a45892f8aa2acf10c8ee89b9bd8a48dfd",
  "bank_digest": "7f5eb4a4d71004709029a08c12868d44077becc08f44983375b68345f5a59305",
  "template_count": 252,
  "results": [
    {
      "scenario": "independent_gaussian",
      "amplitude_sigma": 0,
      "method": "bank",
      "trials": 1000,
      "detections": 13,
      "fraction": 0.013,
      "wilson_interval": [
        0.007612820389351026,
        0.022114442375579663
      ]
    },
    {
      "scenario": "independent_gaussian",
      "amplitude_sigma": 0,
      "method": "single_epoch",
      "trials": 1000,
      "detections": 6,
      "fraction": 0.006,
      "wilson_interval": [
        0.0027526691418763754,
        0.013028168241852087
      ]
    },
    {
      "scenario": "ar1_rho_0.7",
      "amplitude_sigma": 0,
      "method": "bank",
      "trials": 1000,
      "detections": 454,
      "fraction": 0.454,
      "wilson_interval": [
        0.4233763038248614,
        0.48497575795580966
      ]
    },
    {
      "scenario": "ar1_rho_0.7",
      "amplitude_sigma": 0,
      "method": "single_epoch",
      "trials": 1000,
      "detections": 4,
      "fraction": 0.004,
      "wilson_interval": [
        0.0015565881404084308,
        0.01023955627726225
      ]
    },
    {
      "scenario": "single_positive_8sigma_outlier",
      "amplitude_sigma": 0,
      "method": "bank",
      "trials": 1000,
      "detections": 710,
      "fraction": 0.71,
      "wilson_interval": [
        0.681114796429996,
        0.7372779650060708
      ]
    },
    {
      "scenario": "single_positive_8sigma_outlier",
      "amplitude_sigma": 0,
      "method": "single_epoch",
      "trials": 1000,
      "detections": 1000,
      "fraction": 1.0,
      "wilson_interval": [
        0.996173241514445,
        1.0
      ]
    },
    {
      "scenario": "gaussian",
      "amplitude_sigma": 2.0,
      "method": "bank",
      "trials": 1000,
      "detections": 707,
      "fraction": 0.707,
      "wilson_interval": [
        0.6780414921958111,
        0.7343742297911691
      ]
    },
    {
      "scenario": "gaussian",
      "amplitude_sigma": 2.0,
      "method": "single_epoch",
      "trials": 1000,
      "detections": 136,
      "fraction": 0.136,
      "wilson_interval": [
        0.1161420645496615,
        0.15864381562782268
      ]
    },
    {
      "scenario": "gaussian",
      "amplitude_sigma": 4.0,
      "method": "bank",
      "trials": 1000,
      "detections": 923,
      "fraction": 0.923,
      "wilson_interval": [
        0.9048104693818263,
        0.9379520929393942
      ]
    },
    {
      "scenario": "gaussian",
      "amplitude_sigma": 4.0,
      "method": "single_epoch",
      "trials": 1000,
      "detections": 795,
      "fraction": 0.795,
      "wilson_interval": [
        0.7688722989694241,
        0.8188699135240984
      ]
    },
    {
      "scenario": "gaussian",
      "amplitude_sigma": 8.0,
      "method": "bank",
      "trials": 1000,
      "detections": 976,
      "fraction": 0.976,
      "wilson_interval": [
        0.9645370943883885,
        0.9838198315333629
      ]
    },
    {
      "scenario": "gaussian",
      "amplitude_sigma": 8.0,
      "method": "single_epoch",
      "trials": 1000,
      "detections": 958,
      "fraction": 0.958,
      "wilson_interval": [
        0.943715574773397,
        0.9687791144538345
      ]
    },
    {
      "scenario": "exponential",
      "amplitude_sigma": 2.0,
      "method": "bank",
      "trials": 1000,
      "detections": 336,
      "fraction": 0.336,
      "wilson_interval": [
        0.30740158982270954,
        0.36585358696055253
      ]
    },
    {
      "scenario": "exponential",
      "amplitude_sigma": 2.0,
      "method": "single_epoch",
      "trials": 1000,
      "detections": 60,
      "fraction": 0.06,
      "wilson_interval": [
        0.04689647267593195,
        0.07647107479135654
      ]
    },
    {
      "scenario": "exponential",
      "amplitude_sigma": 4.0,
      "method": "bank",
      "trials": 1000,
      "detections": 751,
      "fraction": 0.751,
      "wilson_interval": [
        0.7232715438085464,
        0.7768074234317048
      ]
    },
    {
      "scenario": "exponential",
      "amplitude_sigma": 4.0,
      "method": "single_epoch",
      "trials": 1000,
      "detections": 496,
      "fraction": 0.496,
      "wilson_interval": [
        0.4650858934029291,
        0.5269447206649553
      ]
    },
    {
      "scenario": "exponential",
      "amplitude_sigma": 8.0,
      "method": "bank",
      "trials": 1000,
      "detections": 904,
      "fraction": 0.904,
      "wilson_interval": [
        0.8841648792420682,
        0.9207430999016033
      ]
    },
    {
      "scenario": "exponential",
      "amplitude_sigma": 8.0,
      "method": "single_epoch",
      "trials": 1000,
      "detections": 861,
      "fraction": 0.861,
      "wilson_interval": [
        0.8381734694242182,
        0.8810636109492109
      ]
    },
    {
      "scenario": "bazin",
      "amplitude_sigma": 2.0,
      "method": "bank",
      "trials": 1000,
      "detections": 621,
      "fraction": 0.621,
      "wilson_interval": [
        0.5905223582047959,
        0.6505515662416997
      ]
    },
    {
      "scenario": "bazin",
      "amplitude_sigma": 2.0,
      "method": "single_epoch",
      "trials": 1000,
      "detections": 101,
      "fraction": 0.101,
      "wilson_interval": [
        0.08382401065239914,
        0.12122974261907385
      ]
    },
    {
      "scenario": "bazin",
      "amplitude_sigma": 4.0,
      "method": "bank",
      "trials": 1000,
      "detections": 908,
      "fraction": 0.908,
      "wilson_interval": [
        0.8884912646437559,
        0.9243861004320311
      ]
    },
    {
      "scenario": "bazin",
      "amplitude_sigma": 4.0,
      "method": "single_epoch",
      "trials": 1000,
      "detections": 733,
      "fraction": 0.733,
      "wilson_interval": [
        0.7047270990046101,
        0.7594896315411211
      ]
    },
    {
      "scenario": "bazin",
      "amplitude_sigma": 8.0,
      "method": "bank",
      "trials": 1000,
      "detections": 969,
      "fraction": 0.969,
      "wilson_interval": [
        0.9563345039877078,
        0.9780759965528414
      ]
    },
    {
      "scenario": "bazin",
      "amplitude_sigma": 8.0,
      "method": "single_epoch",
      "trials": 1000,
      "detections": 952,
      "fraction": 0.952,
      "wilson_interval": [
        0.936933911349866,
        0.963606698979192
      ]
    },
    {
      "scenario": "fallback",
      "amplitude_sigma": 2.0,
      "method": "bank",
      "trials": 1000,
      "detections": 552,
      "fraction": 0.552,
      "wilson_interval": [
        0.5210376917018592,
        0.5825643254156431
      ]
    },
    {
      "scenario": "fallback",
      "amplitude_sigma": 2.0,
      "method": "single_epoch",
      "trials": 1000,
      "detections": 87,
      "fraction": 0.087,
      "wilson_interval": [
        0.07107442145237501,
        0.10608648105669351
      ]
    },
    {
      "scenario": "fallback",
      "amplitude_sigma": 4.0,
      "method": "bank",
      "trials": 1000,
      "detections": 873,
      "fraction": 0.873,
      "wilson_interval": [
        0.8509252474282143,
        0.8922199907415616
      ]
    },
    {
      "scenario": "fallback",
      "amplitude_sigma": 4.0,
      "method": "single_epoch",
      "trials": 1000,
      "detections": 677,
      "fraction": 0.677,
      "wilson_interval": [
        0.6473872202713616,
        0.705258107224752
      ]
    },
    {
      "scenario": "fallback",
      "amplitude_sigma": 8.0,
      "method": "bank",
      "trials": 1000,
      "detections": 964,
      "fraction": 0.964,
      "wilson_interval": [
        0.9505643395327922,
        0.9738844285926126
      ]
    },
    {
      "scenario": "fallback",
      "amplitude_sigma": 8.0,
      "method": "single_epoch",
      "trials": 1000,
      "detections": 925,
      "fraction": 0.925,
      "wilson_interval": [
        0.9069990602607456,
        0.9397481950265327
      ]
    }
  ],
  "python": "3.11.15",
  "numpy": "2.4.6",
  "source_sha256": "745717c6ddd9cf397d3c36af4269390e54d8ee394a85c7698fa552ea0113bcef",
  "runner_sha256": "c2a5a596a94031162ca45459e8af6179ca5be66d9c649d291a5c747bd6013711",
  "calibration_correlation_rho": 0.0,
  "trial_statistics_sha256": "d2035d91699ec061c51718d02dfec22c6dbcf0ce0c77acf40c4eaac7b4a014e2",
  "limitations": [
    "Synthetic cadence and Gaussian noise with the declared calibration covariance",
    "Conditional on one cadence realization",
    "Any stress row differing from declared covariance violates calibration assumptions",
    "No astrophysical class or survey selection claim",
    "No empirical red-noise calibration or real transient benchmark"
  ],
  "result_digest": "fd0f5efcbc3edcbffdacc46806215d7ddd441c161f7d74112d19f0242cab4c08"
}
